// Jest Snapshot v1, https://goo.gl/fbAQLP

exports[`Header Component Check if the component matches the snapshot 1`] = `[Function]`;
